// Jest Snapshot v1, https://goo.gl/fbAQLP

exports[`config throws if config has a bad ethereumPublicAddress 1`] = `
"config doesn't conform to schema config.json [
	message: \\"data.ethereumPublicAddress should match format \\"ethereumPublicAddress\\"\\"
	raw: [
  {
    \\"keyword\\": \\"format\\",
    \\"dataPath\\": \\".ethereumPublicAddress\\",
    \\"schemaPath\\": \\"#/properties/ethereumPublicAddress/format\\",
    \\"params\\": {
      \\"format\\": \\"ethereumPublicAddress\\"
    },
    \\"message\\": \\"should match format \\\\\\"ethereumPublicAddress\\\\\\"\\"
  }
]]"
`;

exports[`config throws if config has a bad ethereumRPC 1`] = `
"config doesn't conform to schema config.json [
	message: \\"data.ethereumRPC should match format \\"URL\\"\\"
	raw: [
  {
    \\"keyword\\": \\"format\\",
    \\"dataPath\\": \\".ethereumRPC\\",
    \\"schemaPath\\": \\"#/properties/ethereumRPC/format\\",
    \\"params\\": {
      \\"format\\": \\"URL\\"
    },
    \\"message\\": \\"should match format \\\\\\"URL\\\\\\"\\"
  }
]]"
`;

exports[`config throws if config has a bad stellarPublicAddress 1`] = `
"config doesn't conform to schema config.json [
	message: \\"data.stellarAccountSecret should match format \\"stellarSecretSeed\\"\\"
	raw: [
  {
    \\"keyword\\": \\"format\\",
    \\"dataPath\\": \\".stellarAccountSecret\\",
    \\"schemaPath\\": \\"#/properties/stellarAccountSecret/format\\",
    \\"params\\": {
      \\"format\\": \\"stellarSecretSeed\\"
    },
    \\"message\\": \\"should match format \\\\\\"stellarSecretSeed\\\\\\"\\"
  }
]]"
`;

exports[`config throws if unknown stellarNetwork 1`] = `
"config doesn't conform to schema config.json [
	message: \\"data.stellarNetwork should be equal to one of the allowed values\\"
	raw: [
  {
    \\"keyword\\": \\"enum\\",
    \\"dataPath\\": \\".stellarNetwork\\",
    \\"schemaPath\\": \\"#/properties/stellarNetwork/enum\\",
    \\"params\\": {
      \\"allowedValues\\": [
        \\"public\\",
        \\"testnet\\",
        \\"localnet\\"
      ]
    },
    \\"message\\": \\"should be equal to one of the allowed values\\"
  }
]]"
`;
